Analyzing eventkuy...                                           

warning - The value of the local variable 'id' isn't used - lib\config\router\app_router.dart:176:19 - unused_local_variable
warning - The value of the field '_userRepo' isn't used - lib\features\admin\settings\admin_viewmodel.dart:16:24 - unused_field
warning - Unused import: 'package:eventkuy/core/constants/app_dimensions.dart' - lib\features\admin\views\categories\admin_categories_screen.dart:6:8 - unused_import
warning - Unused import: 'package:eventkuy/shared/widgets/app_button.dart' - lib\features\admin\views\categories\admin_categories_screen.dart:9:8 - unused_import
  error - Undefined name 'EventStatus' - lib\features\admin\views\dashboard\admin_dashboard_screen.dart:47:73 - undefined_identifier
warning - Unused import: 'package:eventkuy/core/constants/app_dimensions.dart' - lib\features\admin\views\events\admin_events_screen.dart:6:8 - unused_import
   info - 'value' is deprecated and shouldn't be used. Use initialValue instead. This will set the initial value for the form field. This feature was deprecated after v3.33.0-1.0.pre - lib\features\admin\views\notifications\admin_notifications_screen.dart:78:19 - deprecated_member_use
warning - Unused import: 'package:eventkuy/core/constants/app_dimensions.dart' - lib\features\admin\views\organizers\admin_organizers_screen.dart:6:8 - unused_import
warning - Unused import: 'package:eventkuy/core/constants/app_dimensions.dart' - lib\features\admin\views\reports\admin_complaints_screen.dart:6:8 - unused_import
warning - Unused import: 'package:eventkuy/core/constants/app_dimensions.dart' - lib\features\admin\views\settings\admin_activity_log_screen.dart:6:8 - unused_import
   info - Don't use 'BuildContext's across async gaps - lib\features\admin\views\settings\admin_settings_screen.dart:95:21 - use_build_context_synchronously
warning - Unused import: 'package:eventkuy/core/constants/app_dimensions.dart' - lib\features\admin\views\users\admin_users_screen.dart:6:8 - unused_import
  error - The method 'AppPrimaryButton' isn't defined for the type '_AdminUsersScreenState' - lib\features\admin\views\users\admin_users_screen.dart:252:24 - undefined_method
warning - The value of the local variable 'isDark' isn't used - lib\features\auth\views\login_screen.dart:48:11 - unused_local_variable
warning - Unused import: 'package:eventkuy/core/constants/app_dimensions.dart' - lib\features\bookmark\views\bookmark_screen.dart:7:8 - unused_import
   info - Unnecessary use of multiple underscores - lib\features\bookmark\views\bookmark_screen.dart:74:45 - unnecessary_underscores
   info - Unnecessary use of multiple underscores - lib\features\event_detail\views\event_detail_screen.dart:260:40 - unnecessary_underscores
   info - Unnecessary use of multiple underscores - lib\features\event_detail\views\event_detail_screen.dart:265:40 - unnecessary_underscores
   info - Unnecessary use of multiple underscores - lib\features\event_detail\views\event_detail_screen.dart:265:44 - unnecessary_underscores
   info - Unnecessary use of multiple underscores - lib\features\event_detail\views\event_detail_screen.dart:529:46 - unnecessary_underscores
   info - Unnecessary use of multiple underscores - lib\features\event_detail\views\event_detail_screen.dart:529:50 - unnecessary_underscores
   info - Unnecessary use of multiple underscores - lib\features\event_detail\views\event_detail_screen.dart:729:34 - unnecessary_underscores
   info - Unnecessary use of multiple underscores - lib\features\event_detail\views\event_detail_screen.dart:729:38 - unnecessary_underscores
   info - 'withOpacity' is deprecated and shouldn't be used. Use .withValues() to avoid precision loss - lib\features\event_detail\views\event_detail_screen.dart:839:47 - deprecated_member_use
   info - Unnecessary use of multiple underscores - lib\features\explore\views\explore_screen.dart:357:35 - unnecessary_underscores
   info - Unnecessary use of multiple underscores - lib\features\home\widgets\banner_slider.dart:98:34 - unnecessary_underscores
   info - Unnecessary use of multiple underscores - lib\features\home\widgets\banner_slider.dart:103:34 - unnecessary_underscores
   info - Unnecessary use of multiple underscores - lib\features\home\widgets\banner_slider.dart:103:38 - unnecessary_underscores
   info - Unnecessary use of multiple underscores - lib\features\home\widgets\category_list.dart:31:31 - unnecessary_underscores
   info - Unnecessary use of multiple underscores - lib\features\home\widgets\nearby_section.dart:47:35 - unnecessary_underscores
   info - Unnecessary use of multiple underscores - lib\features\home\widgets\popular_organizer_section.dart:37:35 - unnecessary_underscores
   info - Unnecessary use of multiple underscores - lib\features\home\widgets\recommended_section.dart:47:35 - unnecessary_underscores
   info - Unnecessary use of multiple underscores - lib\features\home\widgets\trending_section.dart:49:37 - unnecessary_underscores
warning - Unused import: 'package:eventkuy/shared/widgets/event_card.dart' - lib\features\home\widgets\upcoming_section.dart:9:8 - unused_import
   info - Unnecessary use of multiple underscores - lib\features\home\widgets\upcoming_section.dart:49:33 - unnecessary_underscores
   info - Unnecessary use of multiple underscores - lib\features\my_event\views\my_event_screen.dart:130:45 - unnecessary_underscores
warning - Unused import: 'package:eventkuy/core/constants/app_dimensions.dart' - lib\features\my_event\views\ticket_detail_screen.dart:4:8 - unused_import
   info - Unnecessary use of multiple underscores - lib\features\notification\views\notification_screen.dart:94:45 - unnecessary_underscores
warning - Unused import: 'package:eventkuy/shared/widgets/app_button.dart' - lib\features\onboarding\views\onboarding_screen.dart:12:8 - unused_import
  error - The getter 'ltr' isn't defined for the type 'TextDirection' - lib\features\organizer\dashboard\organizer_dashboard_screen.dart:417:36 - undefined_getter
   info - 'withOpacity' is deprecated and shouldn't be used. Use .withValues() to avoid precision loss - lib\features\organizer\dashboard\organizer_dashboard_screen.dart:462:22 - deprecated_member_use
   info - 'withOpacity' is deprecated and shouldn't be used. Use .withValues() to avoid precision loss - lib\features\organizer\dashboard\organizer_dashboard_screen.dart:462:46 - deprecated_member_use
   info - The private field _logoUrl could be 'final' - lib\features\organizer\profile\apply_organizer_screen.dart:31:11 - prefer_final_fields
   info - The private field _docsUrl could be 'final' - lib\features\organizer\profile\apply_organizer_screen.dart:32:11 - prefer_final_fields
   info - 'withOpacity' is deprecated and shouldn't be used. Use .withValues() to avoid precision loss - lib\features\organizer\views\analytics\organizer_analytics_screen.dart:229:22 - deprecated_member_use
   info - 'withOpacity' is deprecated and shouldn't be used. Use .withValues() to avoid precision loss - lib\features\organizer\views\analytics\organizer_analytics_screen.dart:229:46 - deprecated_member_use
   info - 'value' is deprecated and shouldn't be used. Use initialValue instead. This will set the initial value for the form field. This feature was deprecated after v3.33.0-1.0.pre - lib\features\organizer\views\create_event\organizer_create_event_screen.dart:234:25 - deprecated_member_use
   info - 'value' is deprecated and shouldn't be used. Use initialValue instead. This will set the initial value for the form field. This feature was deprecated after v3.33.0-1.0.pre - lib\features\organizer\views\create_event\organizer_create_event_screen.dart:247:25 - deprecated_member_use
   info - 'activeColor' is deprecated and shouldn't be used. Use activeThumbColor instead. This feature was deprecated after v3.31.0-2.0.pre - lib\features\organizer\views\create_event\organizer_create_event_screen.dart:393:19 - deprecated_member_use
   info - Unnecessary use of multiple underscores - lib\features\organizer\views\event_detail\organizer_event_detail_screen.dart:59:38 - unnecessary_underscores
   info - Unnecessary use of multiple underscores - lib\features\organizer\views\event_detail\organizer_event_detail_screen.dart:59:42 - unnecessary_underscores
   info - 'withOpacity' is deprecated and shouldn't be used. Use .withValues() to avoid precision loss - lib\features\organizer\views\event_detail\organizer_event_detail_screen.dart:82:57 - deprecated_member_use
   info - Unnecessary use of multiple underscores - lib\features\organizer\views\my_events\organizer_my_events_screen.dart:182:36 - unnecessary_underscores
   info - Unnecessary use of multiple underscores - lib\features\organizer\views\my_events\organizer_my_events_screen.dart:182:40 - unnecessary_underscores
warning - Unused import: 'package:eventkuy/shared/widgets/shimmer_loader.dart' - lib\features\organizer\views\organizer_screen.dart:14:8 - unused_import
   info - Unnecessary use of multiple underscores - lib\features\organizer\views\organizer_screen.dart:113:46 - unnecessary_underscores
   info - Unnecessary use of multiple underscores - lib\features\organizer\views\organizer_screen.dart:113:50 - unnecessary_underscores
warning - Unused import: 'package:eventkuy/core/constants/app_dimensions.dart' - lib\features\organizer\views\participants\organizer_participants_screen.dart:5:8 - unused_import
warning - Unused import: 'package:eventkuy/shared/widgets/app_button.dart' - lib\features\organizer\views\participants\organizer_participants_screen.dart:7:8 - unused_import
   info - 'value' is deprecated and shouldn't be used. Use initialValue instead. This will set the initial value for the form field. This feature was deprecated after v3.33.0-1.0.pre - lib\features\organizer\views\participants\organizer_participants_screen.dart:230:23 - deprecated_member_use
   info - 'value' is deprecated and shouldn't be used. Use initialValue instead. This will set the initial value for the form field. This feature was deprecated after v3.33.0-1.0.pre - lib\features\organizer\views\participants\organizer_participants_screen.dart:249:23 - deprecated_member_use
   info - Don't use 'BuildContext's across async gaps - lib\features\organizer\views\profile\organizer_profile_screen.dart:138:27 - use_build_context_synchronously
warning - Unused import: 'package:eventkuy/core/constants/app_dimensions.dart' - lib\features\organizer\views\scanner\organizer_scanner_screen.dart:5:8 - unused_import
   info - 'withOpacity' is deprecated and shouldn't be used. Use .withValues() to avoid precision loss - lib\features\organizer\views\scanner\organizer_scanner_screen.dart:135:60 - deprecated_member_use
   info - 'withOpacity' is deprecated and shouldn't be used. Use .withValues() to avoid precision loss - lib\features\organizer\views\scanner\organizer_scanner_screen.dart:173:70 - deprecated_member_use
warning - Unused import: 'package:eventkuy/shared/widgets/app_button.dart' - lib\features\organizer\views\tickets\organizer_tickets_screen.dart:10:8 - unused_import
   info - 'activeColor' is deprecated and shouldn't be used. Use activeThumbColor instead. This feature was deprecated after v3.31.0-2.0.pre - lib\features\organizer\views\tickets\organizer_tickets_screen.dart:183:17 - deprecated_member_use
   info - 'value' is deprecated and shouldn't be used. Use initialValue instead. This will set the initial value for the form field. This feature was deprecated after v3.33.0-1.0.pre - lib\features\organizer\views\tickets\organizer_tickets_screen.dart:288:21 - deprecated_member_use
   info - 'withOpacity' is deprecated and shouldn't be used. Use .withValues() to avoid precision loss - lib\features\payment\presentation\pages\payment_detail_screen.dart:167:53 - deprecated_member_use
   info - 'withOpacity' is deprecated and shouldn't be used. Use .withValues() to avoid precision loss - lib\features\payment\presentation\pages\payment_detail_screen.dart:170:38 - deprecated_member_use
   info - 'withOpacity' is deprecated and shouldn't be used. Use .withValues() to avoid precision loss - lib\features\payment\presentation\pages\payment_detail_screen.dart:345:32 - deprecated_member_use
   info - 'withOpacity' is deprecated and shouldn't be used. Use .withValues() to avoid precision loss - lib\features\payment\presentation\pages\payment_detail_screen.dart:374:44 - deprecated_member_use
   info - Unnecessary use of 'toList' in a spread - lib\features\payment\presentation\pages\payment_detail_screen.dart:401:14 - unnecessary_to_list_in_spreads
   info - Don't use 'BuildContext's across async gaps, guarded by an unrelated 'mounted' check - lib\features\payment\presentation\pages\payment_selection_screen.dart:84:42 - use_build_context_synchronously
   info - 'withOpacity' is deprecated and shouldn't be used. Use .withValues() to avoid precision loss - lib\features\payment\presentation\pages\payment_selection_screen.dart:125:45 - deprecated_member_use
   info - 'withOpacity' is deprecated and shouldn't be used. Use .withValues() to avoid precision loss - lib\features\payment\presentation\pages\payment_selection_screen.dart:132:49 - deprecated_member_use
   info - 'groupValue' is deprecated and shouldn't be used. Use a RadioGroup ancestor to manage group value instead. This feature was deprecated after v3.32.0-0.0.pre - lib\features\payment\presentation\pages\payment_selection_screen.dart:155:15 - deprecated_member_use
   info - 'onChanged' is deprecated and shouldn't be used. Use RadioGroup to handle value change instead. This feature was deprecated after v3.32.0-0.0.pre - lib\features\payment\presentation\pages\payment_selection_screen.dart:156:15 - deprecated_member_use
   info - Unnecessary use of multiple underscores - lib\features\profile\views\edit_profile_screen.dart:90:40 - unnecessary_underscores
   info - Unnecessary use of multiple underscores - lib\features\profile\views\edit_profile_screen.dart:163:34 - unnecessary_underscores
   info - Don't use 'BuildContext's across async gaps - lib\features\profile\views\profile_screen.dart:117:27 - use_build_context_synchronously
warning - The '!' will have no effect because the receiver can't be null - lib\features\profile\views\profile_screen.dart:206:52 - unnecessary_non_null_assertion
   info - 'activeColor' is deprecated and shouldn't be used. Use activeThumbColor instead. This feature was deprecated after v3.31.0-2.0.pre - lib\features\settings\views\settings_screen.dart:209:13 - deprecated_member_use
   info - 'withOpacity' is deprecated and shouldn't be used. Use .withValues() to avoid precision loss - lib\features\splash\views\opening_screen.dart:48:55 - deprecated_member_use
   info - 'withOpacity' is deprecated and shouldn't be used. Use .withValues() to avoid precision loss - lib\features\splash\views\opening_screen.dart:50:57 - deprecated_member_use
   info - 'withOpacity' is deprecated and shouldn't be used. Use .withValues() to avoid precision loss - lib\features\splash\views\opening_screen.dart:55:69 - deprecated_member_use
   info - 'withOpacity' is deprecated and shouldn't be used. Use .withValues() to avoid precision loss - lib\features\splash\views\opening_screen.dart:87:55 - deprecated_member_use
warning - The declaration '_handleForegroundMessage' isn't referenced - lib\services\notification\notification_service.dart:46:8 - unused_element
warning - The declaration '_handleBackgroundMessage' isn't referenced - lib\services\notification\notification_service.dart:50:8 - unused_element
   info - Unnecessary use of multiple underscores - lib\shared\widgets\event_card.dart:64:40 - unnecessary_underscores
   info - Unnecessary use of multiple underscores - lib\shared\widgets\event_card.dart:70:40 - unnecessary_underscores
   info - Unnecessary use of multiple underscores - lib\shared\widgets\event_card.dart:70:44 - unnecessary_underscores
   info - Unnecessary use of multiple underscores - lib\shared\widgets\event_card.dart:287:36 - unnecessary_underscores
   info - Unnecessary use of multiple underscores - lib\shared\widgets\event_card.dart:294:36 - unnecessary_underscores
   info - Unnecessary use of multiple underscores - lib\shared\widgets\event_card.dart:294:40 - unnecessary_underscores
   info - Unnecessary use of multiple underscores - lib\shared\widgets\organizer_card.dart:51:34 - unnecessary_underscores
   info - Unnecessary use of multiple underscores - lib\shared\widgets\organizer_card.dart:58:34 - unnecessary_underscores
   info - Unnecessary use of multiple underscores - lib\shared\widgets\organizer_card.dart:58:38 - unnecessary_underscores
   info - Unnecessary use of multiple underscores - lib\shared\widgets\shimmer_loader.dart:144:31 - unnecessary_underscores
   info - Unnecessary use of multiple underscores - lib\shared\widgets\shimmer_loader.dart:145:26 - unnecessary_underscores
   info - Unnecessary use of multiple underscores - lib\shared\widgets\shimmer_loader.dart:167:29 - unnecessary_underscores
   info - Unnecessary use of multiple underscores - lib\shared\widgets\shimmer_loader.dart:168:24 - unnecessary_underscores
  error - The name 'MyApp' isn't a class - test\widget_test.dart:16:35 - creation_with_non_type

